22:38:23.220 [main] INFO org.springframework.test.context.support.AnnotationConfigContextLoaderUtils -- Could not detect default configuration classes for test class [com.pulsepass.pulsepass.PersistenceIntegrationTest]: PersistenceIntegrationTest does not declare any static, non-private, non-final, nested classes annotated with @Configuration.
22:38:23.479 [main] INFO org.springframework.boot.test.context.SpringBootTestContextBootstrapper -- Found @SpringBootConfiguration com.pulsepass.pulsepass.PulsepassApplication for test class com.pulsepass.pulsepass.PersistenceIntegrationTest
22:38:23.663 [main] INFO org.springframework.test.context.support.AnnotationConfigContextLoaderUtils -- Could not detect default configuration classes for test class [com.pulsepass.pulsepass.PersistenceIntegrationTest]: PersistenceIntegrationTest does not declare any static, non-private, non-final, nested classes annotated with @Configuration.
22:38:23.676 [main] INFO org.springframework.boot.test.context.SpringBootTestContextBootstrapper -- Found @SpringBootConfiguration com.pulsepass.pulsepass.PulsepassApplication for test class com.pulsepass.pulsepass.PersistenceIntegrationTest

  .   ____          _            __ _ _
 /\\ / ___'_ __ _ _(_)_ __  __ _ \ \ \ \
( ( )\___ | '_ | '_| | '_ \/ _` | \ \ \ \
 \\/  ___)| |_)| | | | | || (_| |  ) ) ) )
  '  |____| .__|_| |_|_| |_\__, | / / / /
 =========|_|==============|___/=/_/_/_/

 :: Spring Boot ::                (v4.1.1)

2026-09-20T22:38:24.521-05:00  INFO 18392 --- [pulsepass] [           main] c.p.p.PersistenceIntegrationTest         : Starting PersistenceIntegrationTest using Java 21.0.12.1 with PID 18392 (started by mendo in C:\Users\mendo\OneDrive\Documentos\UniMagdalena Diego.M\5to semestre\Programacion Web\pulsepass)
2026-09-20T22:38:24.528-05:00  INFO 18392 --- [pulsepass] [           main] c.p.p.PersistenceIntegrationTest         : No active profile set, falling back to 1 default profile: "default"
2026-09-20T22:38:25.603-05:00  INFO 18392 --- [pulsepass] [           main] .s.d.r.c.RepositoryConfigurationDelegate : Bootstrapping Spring Data JPA repositories in DEFAULT mode.
2026-09-20T22:38:25.755-05:00  INFO 18392 --- [pulsepass] [           main] .s.d.r.c.RepositoryConfigurationDelegate : Finished Spring Data repository scanning in 129 ms. Found 5 JPA repository interfaces.
2026-09-20T22:38:26.449-05:00  INFO 18392 --- [pulsepass] [           main] org.testcontainers.images.PullPolicy     : Image pull policy will be performed by: DefaultPullPolicy()
2026-09-20T22:38:26.454-05:00  INFO 18392 --- [pulsepass] [           main] o.t.utility.ImageNameSubstitutor         : Image name substitution will be performed by: DefaultImageNameSubstitutor (composite of 'ConfigurationFileImageNameSubstitutor' and 'PrefixingImageNameSubstitutor')
2026-09-20T22:38:26.531-05:00  INFO 18392 --- [pulsepass] [           main] org.testcontainers.DockerClientFactory   : Testcontainers version: 2.0.5
2026-09-20T22:38:27.109-05:00  INFO 18392 --- [pulsepass] [           main] o.t.d.DockerClientProviderStrategy       : Loaded org.testcontainers.dockerclient.NpipeSocketClientProviderStrategy from ~/.testcontainers.properties, will try it first
2026-09-20T22:38:28.079-05:00  INFO 18392 --- [pulsepass] [           main] o.t.d.DockerClientProviderStrategy       : Found Docker environment with local Npipe socket (npipe:////./pipe/docker_engine)
2026-09-20T22:38:28.079-05:00  INFO 18392 --- [pulsepass] [           main] org.testcontainers.DockerClientFactory   : Docker host IP address is localhost
2026-09-20T22:38:28.129-05:00  INFO 18392 --- [pulsepass] [           main] org.testcontainers.DockerClientFactory   : Connected to docker: 
  Server Version: 29.7.2
  API Version: 1.55
  Operating System: Docker Desktop
  Total Memory: 7575 MB
  Labels: 
    com.docker.desktop.address=npipe://\\.\pipe\docker_cli
2026-09-20T22:38:28.386-05:00  INFO 18392 --- [pulsepass] [           main] tc.testcontainers/ryuk:0.14.0            : Creating container for image: testcontainers/ryuk:0.14.0
2026-09-20T22:38:28.938-05:00  INFO 18392 --- [pulsepass] [           main] tc.testcontainers/ryuk:0.14.0            : Container testcontainers/ryuk:0.14.0 is starting: cf4d8b690cb2a02cad88631f04527b58f4f69ca87c3a13918e342d224c3c78d8
2026-09-20T22:38:29.897-05:00  INFO 18392 --- [pulsepass] [           main] tc.testcontainers/ryuk:0.14.0            : Container testcontainers/ryuk:0.14.0 started in PT1.5114403S
2026-09-20T22:38:29.914-05:00  INFO 18392 --- [pulsepass] [           main] o.t.utility.RyukResourceReaper           : Ryuk started - will monitor and terminate Testcontainers containers on JVM exit
2026-09-20T22:38:29.914-05:00  INFO 18392 --- [pulsepass] [           main] org.testcontainers.DockerClientFactory   : Checking the system...
2026-09-20T22:38:29.916-05:00  INFO 18392 --- [pulsepass] [           main] org.testcontainers.DockerClientFactory   : ?? Docker server version should be at least 1.6.0
2026-09-20T22:38:29.917-05:00  INFO 18392 --- [pulsepass] [           main] tc.postgres:latest                       : Creating container for image: postgres:latest
2026-09-20T22:38:30.151-05:00  INFO 18392 --- [pulsepass] [           main] tc.postgres:latest                       : Container postgres:latest is starting: c57456fe53ac653a45c9951d9193e5167aec2f544576f121e817edea5d3002d9
2026-09-20T22:38:32.945-05:00  INFO 18392 --- [pulsepass] [           main] tc.postgres:latest                       : Container postgres:latest started in PT3.0275023S
2026-09-20T22:38:32.946-05:00  INFO 18392 --- [pulsepass] [           main] tc.postgres:latest                       : Container is started (JDBC URL: jdbc:postgresql://localhost:50342/test?loggerLevel=OFF)
2026-09-20T22:38:34.349-05:00  INFO 18392 --- [pulsepass] [           main] org.flywaydb.core.FlywayExecutor         : Database: jdbc:postgresql://localhost:50342/test?loggerLevel=OFF (PostgreSQL 18.6)
2026-09-20T22:38:34.549-05:00  INFO 18392 --- [pulsepass] [           main] o.f.c.i.s.JdbcTableSchemaHistory         : Schema history table "public"."flyway_schema_history" does not exist yet
2026-09-20T22:38:34.559-05:00  INFO 18392 --- [pulsepass] [           main] o.f.core.internal.command.DbValidate     : Successfully validated 3 migrations (execution time 00:00.053s)
2026-09-20T22:38:34.610-05:00  INFO 18392 --- [pulsepass] [           main] o.f.c.i.s.JdbcTableSchemaHistory         : Creating Schema History table "public"."flyway_schema_history" ...
2026-09-20T22:38:34.778-05:00  INFO 18392 --- [pulsepass] [           main] o.f.core.internal.command.DbMigrate      : Current version of schema "public": << Empty Schema >>
2026-09-20T22:38:34.816-05:00  INFO 18392 --- [pulsepass] [           main] o.f.core.internal.command.DbMigrate      : Migrating schema "public" to version "1 - create schema"
2026-09-20T22:38:34.950-05:00  INFO 18392 --- [pulsepass] [           main] o.f.core.internal.command.DbMigrate      : Migrating schema "public" to version "2 - insert initial artists"
2026-09-20T22:38:35.001-05:00  INFO 18392 --- [pulsepass] [           main] o.f.core.internal.command.DbMigrate      : Migrating schema "public" to version "3 - add streaming url to event"
2026-09-20T22:38:35.046-05:00  INFO 18392 --- [pulsepass] [           main] o.f.core.internal.command.DbMigrate      : Successfully applied 3 migrations to schema "public", now at version v3 (execution time 00:00.115s)
2026-09-20T22:38:35.221-05:00  INFO 18392 --- [pulsepass] [           main] com.zaxxer.hikari.HikariDataSource       : HikariPool-1 - Starting...
2026-09-20T22:38:35.282-05:00  INFO 18392 --- [pulsepass] [           main] com.zaxxer.hikari.pool.HikariPool        : HikariPool-1 - Added connection org.postgresql.jdbc.PgConnection@215a329c
2026-09-20T22:38:35.285-05:00  INFO 18392 --- [pulsepass] [           main] com.zaxxer.hikari.HikariDataSource       : HikariPool-1 - Start completed.
2026-09-20T22:38:35.358-05:00  INFO 18392 --- [pulsepass] [           main] org.hibernate.orm.jpa                    : HHH008540: Processing PersistenceUnitInfo [name: default]
2026-09-20T22:38:35.618-05:00  INFO 18392 --- [pulsepass] [           main] org.hibernate.orm.core                   : HHH000001: Hibernate ORM core version 7.4.5.Final
2026-09-20T22:38:36.800-05:00  INFO 18392 --- [pulsepass] [           main] o.s.o.j.p.SpringPersistenceUnitInfo      : No LoadTimeWeaver setup: ignoring JPA class transformer
2026-09-20T22:38:37.013-05:00  INFO 18392 --- [pulsepass] [           main] org.hibernate.orm.connections.pooling    : HHH10001005: Database info:
	Database JDBC URL [jdbc:postgresql://localhost:50342/test?loggerLevel=OFF]
	Database driver: PostgreSQL JDBC Driver
	Database dialect: PostgreSQLDialect
	Database version: 18.6
	Default catalog/schema: test/public
	Autocommit mode: undefined/unknown
	Isolation level: READ_COMMITTED [default READ_COMMITTED]
	JDBC fetch size: none
	Pool: DataSourceConnectionProvider
	Minimum pool size: undefined/unknown
	Maximum pool size: undefined/unknown
2026-09-20T22:38:38.920-05:00  INFO 18392 --- [pulsepass] [           main] org.hibernate.orm.core                   : HHH000489: No JTA platform available (set 'hibernate.transaction.jta.platform' to enable JTA platform integration)
2026-09-20T22:38:38.930-05:00  INFO 18392 --- [pulsepass] [           main] j.LocalContainerEntityManagerFactoryBean : Initialized JPA EntityManagerFactory for persistence unit 'default'
2026-09-20T22:38:39.220-05:00  INFO 18392 --- [pulsepass] [           main] o.s.d.j.r.query.QueryEnhancerFactories   : Hibernate is in classpath; If applicable, HQL parser will be used.
2026-09-20T22:38:41.520-05:00  INFO 18392 --- [pulsepass] [           main] c.p.p.PersistenceIntegrationTest         : Started PersistenceIntegrationTest in 17.707 seconds (process running for 20.105)
Mockito is currently self-attaching to enable the inline-mock-maker. This will no longer work in future releases of the JDK. Please add Mockito as an agent to your build as described in Mockito's documentation: https://javadoc.io/doc/org.mockito/mockito-core/latest/org.mockito/org/mockito/Mockito.html#0.3
Java HotSpot(TM) 64-Bit Server VM warning: Sharing is only supported for boot loader classes because bootstrap classpath has been appended
WARNING: A Java agent has been loaded dynamically (C:\Users\mendo\.m2\repository\net\bytebuddy\byte-buddy-agent\1.18.11\byte-buddy-agent-1.18.11.jar)
WARNING: If a serviceability tool is in use, please run with -XX:+EnableDynamicAgentLoading to hide this warning
WARNING: If a serviceability tool is not in use, please run with -Djdk.instrument.traceUsage for more information
WARNING: Dynamic loading of agents will be disallowed by default in a future release
2026-09-20T22:38:43.184-05:00  INFO 18392 --- [pulsepass] [           main] t.c.s.AnnotationConfigContextLoaderUtils : Could not detect default configuration classes for test class [com.pulsepass.pulsepass.PulsepassApplicationTests]: PulsepassApplicationTests does not declare any static, non-private, non-final, nested classes annotated with @Configuration.
2026-09-20T22:38:43.200-05:00  INFO 18392 --- [pulsepass] [           main] .b.t.c.SpringBootTestContextBootstrapper : Found @SpringBootConfiguration com.pulsepass.pulsepass.PulsepassApplication for test class com.pulsepass.pulsepass.PulsepassApplicationTests
2026-09-20T22:38:43.204-05:00  INFO 18392 --- [pulsepass] [           main] t.c.s.AnnotationConfigContextLoaderUtils : Could not detect default configuration classes for test class [com.pulsepass.pulsepass.PulsepassApplicationTests]: PulsepassApplicationTests does not declare any static, non-private, non-final, nested classes annotated with @Configuration.
2026-09-20T22:38:43.220-05:00  INFO 18392 --- [pulsepass] [           main] .b.t.c.SpringBootTestContextBootstrapper : Found @SpringBootConfiguration com.pulsepass.pulsepass.PulsepassApplication for test class com.pulsepass.pulsepass.PulsepassApplicationTests
2026-09-20T22:38:43.285-05:00  INFO 18392 --- [pulsepass] [           main] t.c.s.AnnotationConfigContextLoaderUtils : Could not detect default configuration classes for test class [com.pulsepass.pulsepass.PulsepassDomainModelTest]: PulsepassDomainModelTest does not declare any static, non-private, non-final, nested classes annotated with @Configuration.
2026-09-20T22:38:43.306-05:00  INFO 18392 --- [pulsepass] [           main] .b.t.c.SpringBootTestContextBootstrapper : Found @SpringBootConfiguration com.pulsepass.pulsepass.PulsepassApplication for test class com.pulsepass.pulsepass.PulsepassDomainModelTest
2026-09-20T22:38:43.308-05:00  INFO 18392 --- [pulsepass] [           main] t.c.s.AnnotationConfigContextLoaderUtils : Could not detect default configuration classes for test class [com.pulsepass.pulsepass.PulsepassDomainModelTest]: PulsepassDomainModelTest does not declare any static, non-private, non-final, nested classes annotated with @Configuration.
2026-09-20T22:38:43.340-05:00  INFO 18392 --- [pulsepass] [           main] .b.t.c.SpringBootTestContextBootstrapper : Found @SpringBootConfiguration com.pulsepass.pulsepass.PulsepassApplication for test class com.pulsepass.pulsepass.PulsepassDomainModelTest
